app/api/free-entry/route.ts(11,52): error TS2339: Property 'id' does not exist on type '{ name?: string | null | undefined; email?: string | null | undefined; image?: string | null | undefined; }'.
app/api/free-entry/route.ts(40,33): error TS2339: Property 'id' does not exist on type '{ name?: string | null | undefined; email?: string | null | undefined; image?: string | null | undefined; }'.
